// Jest Snapshot v1, https://goo.gl/fbAQLP

exports[`App should render correctly 1`] = `
<div
  className="App"
>
  <Connect(SumGrid)
    inputCellsPerRow={3}
  />
</div>
`;
