// Jest Snapshot v1, https://goo.gl/fbAQLP

exports[`Cell should render correctly 1`] = `
<div
  className="grid-cell"
/>
`;
